[1Gpulling manifest ⠋ [K[1Gpulling manifest ⠙ [K[1Gpulling manifest ⠹ [K[1Gpulling manifest ⠸ [K[1Gpulling manifest ⠼ [K[1Gpulling manifest ⠴ [K[1Gpulling manifest ⠦ [K[1Gpulling manifest ⠧ [K[1Gpulling manifest ⠇ [K[1Gpulling manifest ⠏ [K[1Gpulling manifest ⠋ [K[1Gpulling manifest ⠙ [K[1Gpulling manifest ⠹ [K[1Gpulling manifest ⠸ [K[1Gpulling manifest ⠼ [K[1Gpulling manifest ⠴ [K[1Gpulling manifest ⠦ [K[1Gpulling manifest ⠧ [K[1Gpulling manifest ⠇ [K[1Gpulling manifest ⠏ [K[1Gpulling manifest ⠋ [K[1Gpulling manifest ⠙ [K[1Gpulling manifest ⠹ [K[1Gpulling manifest ⠸ [K[1Gpulling manifest ⠼ [K[1Gpulling manifest ⠴ [K[1Gpulling manifest [K
pulling c5396e06af29:   0% ▕                  ▏ 117 KB/397 MB                  [K[A[1Gpulling manifest [K
pulling c5396e06af29:   0% ▕                  ▏ 848 KB/397 MB                  [K[A[1Gpulling manifest [K
pulling c5396e06af29:   1% ▕                  ▏ 3.7 MB/397 MB                  [K[A[1Gpulling manifest [K
pulling c5396e06af29:   1% ▕                  ▏ 5.0 MB/397 MB                  [K[A[1Gpulling manifest [K
pulling c5396e06af29:   2% ▕                  ▏ 6.3 MB/397 MB                  [K[A[1Gpulling manifest [K
pulling c5396e06af29:   3% ▕                  ▏  12 MB/397 MB                  [K[A[1Gpulling manifest [K
pulling c5396e06af29:   4% ▕                  ▏  14 MB/397 MB                  [K[A[1Gpulling manifest [K
pulling c5396e06af29:   5% ▕                  ▏  20 MB/397 MB                  [K[A[1Gpulling manifest [K
pulling c5396e06af29:   6% ▕█                 ▏  24 MB/397 MB                  [K[A[1Gpulling manifest [K
pulling c5396e06af29:   7% ▕█                 ▏  26 MB/397 MB                  [K[A[1Gpulling manifest [K
pulling c5396e06af29:   8% ▕█                 ▏  29 MB/397 MB   29 MB/s     12s[K[A[1Gpulling manifest [K
pulling c5396e06af29:   8% ▕█                 ▏  32 MB/397 MB   29 MB/s     12s[K[A[1Gpulling manifest [K
pulling c5396e06af29:   9% ▕█                 ▏  34 MB/397 MB   29 MB/s     12s[K[A[1Gpulling manifest [K
pulling c5396e06af29:   9% ▕█                 ▏  37 MB/397 MB   29 MB/s     12s[K[A[1Gpulling manifest [K
pulling c5396e06af29:  11% ▕█                 ▏  42 MB/397 MB   29 MB/s     11s[K[A[1Gpulling manifest [K
pulling c5396e06af29:  11% ▕██                ▏  45 MB/397 MB   29 MB/s     11s[K[A[1Gpulling manifest [K
pulling c5396e06af29:  13% ▕██                ▏  51 MB/397 MB   29 MB/s     11s[K[A[1Gpulling manifest [K
pulling c5396e06af29:  14% ▕██                ▏  56 MB/397 MB   29 MB/s     11s[K[A[1Gpulling manifest [K
pulling c5396e06af29:  15% ▕██                ▏  59 MB/397 MB   29 MB/s     11s[K[A[1Gpulling manifest [K
pulling c5396e06af29:  16% ▕██                ▏  64 MB/397 MB   29 MB/s     11s[K[A[1Gpulling manifest [K
pulling c5396e06af29:  18% ▕███               ▏  70 MB/397 MB   35 MB/s      9s[K[A[1Gpulling manifest [K
pulling c5396e06af29:  19% ▕███               ▏  74 MB/397 MB   35 MB/s      9s[K[A[1Gpulling manifest [K
pulling c5396e06af29:  20% ▕███               ▏  80 MB/397 MB   35 MB/s      8s[K[A[1Gpulling manifest [K
pulling c5396e06af29:  22% ▕███               ▏  85 MB/397 MB   35 MB/s      8s[K[A[1Gpulling manifest [K
pulling c5396e06af29:  22% ▕███               ▏  88 MB/397 MB   35 MB/s      8s[K[A[1Gpulling manifest [K
pulling c5396e06af29:  23% ▕████              ▏  91 MB/397 MB   35 MB/s      8s[K[A[1Gpulling manifest [K
pulling c5396e06af29:  24% ▕████              ▏  97 MB/397 MB   35 MB/s      8s[K[A[1Gpulling manifest [K
pulling c5396e06af29:  25% ▕████              ▏  99 MB/397 MB   35 MB/s      8s[K[A[1Gpulling manifest [K
pulling c5396e06af29:  27% ▕████              ▏ 106 MB/397 MB   35 MB/s      8s[K[A[1Gpulling manifest [K
pulling c5396e06af29:  28% ▕█████             ▏ 112 MB/397 MB   35 MB/s      8s[K[A[1Gpulling manifest [K
pulling c5396e06af29:  29% ▕█████             ▏ 114 MB/397 MB   35 MB/s      8s[K[A[1Gpulling manifest [K
pulling c5396e06af29:  30% ▕█████             ▏ 117 MB/397 MB   38 MB/s      7s[K[A[1Gpulling manifest [K
pulling c5396e06af29:  30% ▕█████             ▏ 121 MB/397 MB   38 MB/s      7s[K[A[1Gpulling manifest [K
pulling c5396e06af29:  31% ▕█████             ▏ 123 MB/397 MB   38 MB/s      7s[K[A[1Gpulling manifest [K
pulling c5396e06af29:  32% ▕█████             ▏ 127 MB/397 MB   38 MB/s      7s[K[A[1Gpulling manifest [K
pulling c5396e06af29:  33% ▕█████             ▏ 132 MB/397 MB   38 MB/s      6s[K[A[1Gpulling manifest [K
pulling c5396e06af29:  34% ▕██████            ▏ 133 MB/397 MB   38 MB/s      6s[K[A[1Gpulling manifest [K
pulling c5396e06af29:  35% ▕██████            ▏ 138 MB/397 MB   38 MB/s      6s[K[A[1Gpulling manifest [K
pulling c5396e06af29:  36% ▕██████            ▏ 143 MB/397 MB   38 MB/s      6s[K[A[1Gpulling manifest [K
pulling c5396e06af29:  37% ▕██████            ▏ 147 MB/397 MB   38 MB/s      6s[K[A[1Gpulling manifest [K
pulling c5396e06af29:  38% ▕██████            ▏ 151 MB/397 MB   38 MB/s      6s[K[A[1Gpulling manifest [K
pulling c5396e06af29:  39% ▕███████           ▏ 155 MB/397 MB   38 MB/s      6s[K[A[1Gpulling manifest [K
pulling c5396e06af29:  40% ▕███████           ▏ 158 MB/397 MB   38 MB/s      6s[K[A[1Gpulling manifest [K
pulling c5396e06af29:  41% ▕███████           ▏ 164 MB/397 MB   38 MB/s      6s[K[A[1Gpulling manifest [K
pulling c5396e06af29:  43% ▕███████           ▏ 169 MB/397 MB   38 MB/s      5s[K[A[1Gpulling manifest [K
pulling c5396e06af29:  43% ▕███████           ▏ 172 MB/397 MB   38 MB/s      5s[K[A[1Gpulling manifest [K
pulling c5396e06af29:  45% ▕████████          ▏ 178 MB/397 MB   38 MB/s      5s[K[A[1Gpulling manifest [K
pulling c5396e06af29:  47% ▕████████          ▏ 185 MB/397 MB   38 MB/s      5s[K[A[1Gpulling manifest [K
pulling c5396e06af29:  47% ▕████████          ▏ 187 MB/397 MB   38 MB/s      5s[K[A[1Gpulling manifest [K
pulling c5396e06af29:  49% ▕████████          ▏ 194 MB/397 MB   38 MB/s      5s[K[A[1Gpulling manifest [K
pulling c5396e06af29:  50% ▕████████          ▏ 197 MB/397 MB   38 MB/s      5s[K[A[1Gpulling manifest [K
pulling c5396e06af29:  50% ▕█████████         ▏ 200 MB/397 MB   40 MB/s      4s[K[A[1Gpulling manifest [K
pulling c5396e06af29:  51% ▕█████████         ▏ 204 MB/397 MB   40 MB/s      4s[K[A[1Gpulling manifest [K
pulling c5396e06af29:  53% ▕█████████         ▏ 209 MB/397 MB   40 MB/s      4s[K[A[1Gpulling manifest [K
pulling c5396e06af29:  53% ▕█████████         ▏ 211 MB/397 MB   40 MB/s      4s[K[A[1Gpulling manifest [K
pulling c5396e06af29:  54% ▕█████████         ▏ 215 MB/397 MB   40 MB/s      4s[K[A[1Gpulling manifest [K
pulling c5396e06af29:  55% ▕█████████         ▏ 219 MB/397 MB   40 MB/s      4s[K[A[1Gpulling manifest [K
pulling c5396e06af29:  56% ▕██████████        ▏ 221 MB/397 MB   40 MB/s      4s[K[A[1Gpulling manifest [K
pulling c5396e06af29:  57% ▕██████████        ▏ 226 MB/397 MB   40 MB/s      4s[K[A[1Gpulling manifest [K
pulling c5396e06af29:  58% ▕██████████        ▏ 231 MB/397 MB   40 MB/s      4s[K[A[1Gpulling manifest [K
pulling c5396e06af29:  59% ▕██████████        ▏ 233 MB/397 MB   40 MB/s      4s[K[A[1Gpulling manifest [K
pulling c5396e06af29:  59% ▕██████████        ▏ 236 MB/397 MB   39 MB/s      4s[K[A[1Gpulling manifest [K
pulling c5396e06af29:  60% ▕██████████        ▏ 239 MB/397 MB   39 MB/s      4s[K[A[1Gpulling manifest [K
pulling c5396e06af29:  61% ▕███████████       ▏ 243 MB/397 MB   39 MB/s      3s[K[A[1Gpulling manifest [K
pulling c5396e06af29:  63% ▕███████████       ▏ 248 MB/397 MB   39 MB/s      3s[K[A[1Gpulling manifest [K
pulling c5396e06af29:  64% ▕███████████       ▏ 254 MB/397 MB   39 MB/s      3s[K[A[1Gpulling manifest [K
pulling c5396e06af29:  65% ▕███████████       ▏ 257 MB/397 MB   39 MB/s      3s[K[A[1Gpulling manifest [K
pulling c5396e06af29:  66% ▕███████████       ▏ 263 MB/397 MB   39 MB/s      3s[K[A[1Gpulling manifest [K
pulling c5396e06af29:  67% ▕████████████      ▏ 266 MB/397 MB   39 MB/s      3s[K[A[1Gpulling manifest [K
pulling c5396e06af29:  67% ▕████████████      ▏ 268 MB/397 MB   39 MB/s      3s[K[A[1Gpulling manifest [K
pulling c5396e06af29:  69% ▕████████████      ▏ 272 MB/397 MB   39 MB/s      3s[K[A[1Gpulling manifest [K
pulling c5396e06af29:  70% ▕████████████      ▏ 277 MB/397 MB   39 MB/s      3s[K[A[1Gpulling manifest [K
pulling c5396e06af29:  70% ▕████████████      ▏ 280 MB/397 MB   39 MB/s      2s[K[A[1Gpulling manifest [K
pulling c5396e06af29:  72% ▕████████████      ▏ 284 MB/397 MB   39 MB/s      2s[K[A[1Gpulling manifest [K
pulling c5396e06af29:  73% ▕█████████████     ▏ 290 MB/397 MB   39 MB/s      2s[K[A[1Gpulling manifest [K
pulling c5396e06af29:  74% ▕█████████████     ▏ 293 MB/397 MB   39 MB/s      2s[K[A[1Gpulling manifest [K
pulling c5396e06af29:  75% ▕█████████████     ▏ 298 MB/397 MB   39 MB/s      2s[K[A[1Gpulling manifest [K
pulling c5396e06af29:  77% ▕█████████████     ▏ 304 MB/397 MB   39 MB/s      2s[K[A[1Gpulling manifest [K
pulling c5396e06af29:  77% ▕█████████████     ▏ 308 MB/397 MB   39 MB/s      2s[K[A[1Gpulling manifest [K
pulling c5396e06af29:  78% ▕██████████████    ▏ 311 MB/397 MB   39 MB/s      2s[K[A[1Gpulling manifest [K
pulling c5396e06af29:  79% ▕██████████████    ▏ 313 MB/397 MB   39 MB/s      2s[K[A[1Gpulling manifest [K
pulling c5396e06af29:  79% ▕██████████████    ▏ 316 MB/397 MB   39 MB/s      2s[K[A[1Gpulling manifest [K
pulling c5396e06af29:  80% ▕██████████████    ▏ 319 MB/397 MB   39 MB/s      1s[K[A[1Gpulling manifest [K
pulling c5396e06af29:  81% ▕██████████████    ▏ 323 MB/397 MB   39 MB/s      1s[K[A[1Gpulling manifest [K
pulling c5396e06af29:  82% ▕██████████████    ▏ 325 MB/397 MB   39 MB/s      1s[K[A[1Gpulling manifest [K
pulling c5396e06af29:  83% ▕██████████████    ▏ 329 MB/397 MB   39 MB/s      1s[K[A[1Gpulling manifest [K
pulling c5396e06af29:  84% ▕███████████████   ▏ 334 MB/397 MB   39 MB/s      1s[K[A[1Gpulling manifest [K
pulling c5396e06af29:  85% ▕███████████████   ▏ 336 MB/397 MB   39 MB/s      1s[K[A[1Gpulling manifest [K
pulling c5396e06af29:  86% ▕███████████████   ▏ 340 MB/397 MB   39 MB/s      1s[K[A[1Gpulling manifest [K
pulling c5396e06af29:  87% ▕███████████████   ▏ 346 MB/397 MB   39 MB/s      1s[K[A[1Gpulling manifest [K
pulling c5396e06af29:  88% ▕███████████████   ▏ 349 MB/397 MB   39 MB/s      1s[K[A[1Gpulling manifest [K
pulling c5396e06af29:  89% ▕████████████████  ▏ 354 MB/397 MB   39 MB/s      1s[K[A[1Gpulling manifest [K
pulling c5396e06af29:  90% ▕████████████████  ▏ 358 MB/397 MB   39 MB/s      0s[K[A[1Gpulling manifest [K
pulling c5396e06af29:  90% ▕████████████████  ▏ 359 MB/397 MB   39 MB/s      0s[K[A[1Gpulling manifest [K
pulling c5396e06af29:  91% ▕████████████████  ▏ 362 MB/397 MB   39 MB/s      0s[K[A[1Gpulling manifest [K
pulling c5396e06af29:  92% ▕████████████████  ▏ 365 MB/397 MB   39 MB/s      0s[K[A[1Gpulling manifest [K
pulling c5396e06af29:  92% ▕████████████████  ▏ 366 MB/397 MB   39 MB/s      0s[K[A[1Gpulling manifest [K
pulling c5396e06af29:  93% ▕████████████████  ▏ 369 MB/397 MB   39 MB/s      0s[K[A[1Gpulling manifest [K
pulling c5396e06af29:  94% ▕████████████████  ▏ 372 MB/397 MB   39 MB/s      0s[K[A[1Gpulling manifest [K
pulling c5396e06af29:  94% ▕████████████████  ▏ 374 MB/397 MB   39 MB/s      0s[K[A[1Gpulling manifest [K
pulling c5396e06af29:  95% ▕█████████████████ ▏ 376 MB/397 MB   39 MB/s      0s[K[A[1Gpulling manifest [K
pulling c5396e06af29:  96% ▕█████████████████ ▏ 380 MB/397 MB   39 MB/s      0s[K[A[1Gpulling manifest [K
pulling c5396e06af29:  96% ▕█████████████████ ▏ 381 MB/397 MB   39 MB/s      0s[K[A[1Gpulling manifest [K
pulling c5396e06af29:  97% ▕█████████████████ ▏ 385 MB/397 MB   39 MB/s      0s[K[A[1Gpulling manifest [K
pulling c5396e06af29:  98% ▕█████████████████ ▏ 389 MB/397 MB   39 MB/s      0s[K[A[1Gpulling manifest [K
pulling c5396e06af29:  98% ▕█████████████████ ▏ 391 MB/397 MB   39 MB/s      0s[K[A[1Gpulling manifest [K
pulling c5396e06af29:  99% ▕█████████████████ ▏ 395 MB/397 MB   39 MB/s      0s[K[A[1Gpulling manifest [K
pulling c5396e06af29: 100% ▕█████████████████ ▏ 397 MB/397 MB   39 MB/s      0s[K
pulling 66b9ea09bd5b: 100% ▕██████████████████▏   68 B                         [K
pulling eb4402837c78: 100% ▕██████████████████▏ 1.5 KB                         [K
pulling 832dd9e00a68: 100% ▕██████████████████▏  11 KB                         [K[A[A[A[A[1Gpulling manifest [K
pulling c5396e06af29: 100% ▕█████████████████ ▏ 397 MB/397 MB   39 MB/s      0s[K
pulling 66b9ea09bd5b: 100% ▕██████████████████▏   68 B                         [K
pulling eb4402837c78: 100% ▕██████████████████▏ 1.5 KB                         [K
pulling 832dd9e00a68: 100% ▕██████████████████▏  11 KB                         [K[A[A[A[A[1Gpulling manifest [K
pulling c5396e06af29: 100% ▕█████████████████ ▏ 397 MB/397 MB   39 MB/s      0s[K
pulling 66b9ea09bd5b: 100% ▕██████████████████▏   68 B                         [K
pulling eb4402837c78: 100% ▕██████████████████▏ 1.5 KB                         [K
pulling 832dd9e00a68: 100% ▕██████████████████▏  11 KB                         [K[A[A[A[A[1Gpulling manifest [K
pulling c5396e06af29: 100% ▕█████████████████ ▏ 397 MB/397 MB   39 MB/s      0s[K
pulling 66b9ea09bd5b: 100% ▕██████████████████▏   68 B                         [K
pulling eb4402837c78: 100% ▕██████████████████▏ 1.5 KB                         [K
pulling 832dd9e00a68: 100% ▕██████████████████▏  11 KB                         [K[A[A[A[A[1Gpulling manifest [K
pulling c5396e06af29: 100% ▕█████████████████ ▏ 397 MB/397 MB   39 MB/s      0s[K
pulling 66b9ea09bd5b: 100% ▕██████████████████▏   68 B                         [K
pulling eb4402837c78: 100% ▕██████████████████▏ 1.5 KB                         [K
pulling 832dd9e00a68: 100% ▕██████████████████▏  11 KB                         [K[A[A[A[A[1Gpulling manifest [K
pulling c5396e06af29: 100% ▕█████████████████ ▏ 397 MB/397 MB   39 MB/s      0s[K
pulling 66b9ea09bd5b: 100% ▕██████████████████▏   68 B                         [K
pulling eb4402837c78: 100% ▕██████████████████▏ 1.5 KB                         [K
pulling 832dd9e00a68: 100% ▕██████████████████▏  11 KB                         [K[A[A[A[A[1Gpulling manifest [K
pulling c5396e06af29: 100% ▕█████████████████ ▏ 397 MB/397 MB   39 MB/s      0s[K
pulling 66b9ea09bd5b: 100% ▕██████████████████▏   68 B                         [K
pulling eb4402837c78: 100% ▕██████████████████▏ 1.5 KB                         [K
pulling 832dd9e00a68: 100% ▕██████████████████▏  11 KB                         [K[A[A[A[A[1Gpulling manifest [K
pulling c5396e06af29: 100% ▕█████████████████ ▏ 397 MB/397 MB   39 MB/s      0s[K
pulling 66b9ea09bd5b: 100% ▕██████████████████▏   68 B                         [K
pulling eb4402837c78: 100% ▕██████████████████▏ 1.5 KB                         [K
pulling 832dd9e00a68: 100% ▕██████████████████▏  11 KB                         [K[A[A[A[A[1Gpulling manifest [K
pulling c5396e06af29: 100% ▕█████████████████ ▏ 397 MB/397 MB   39 MB/s      0s[K
pulling 66b9ea09bd5b: 100% ▕██████████████████▏   68 B                         [K
pulling eb4402837c78: 100% ▕██████████████████▏ 1.5 KB                         [K
pulling 832dd9e00a68: 100% ▕██████████████████▏  11 KB                         [K[A[A[A[A[1Gpulling manifest [K
pulling c5396e06af29: 100% ▕█████████████████ ▏ 397 MB/397 MB   39 MB/s      0s[K
pulling 66b9ea09bd5b: 100% ▕██████████████████▏   68 B                         [K
pulling eb4402837c78: 100% ▕██████████████████▏ 1.5 KB                         [K
pulling 832dd9e00a68: 100% ▕██████████████████▏  11 KB                         [K[A[A[A[A[1Gpulling manifest [K
pulling c5396e06af29: 100% ▕█████████████████ ▏ 397 MB/397 MB   39 MB/s      0s[K
pulling 66b9ea09bd5b: 100% ▕██████████████████▏   68 B                         [K
pulling eb4402837c78: 100% ▕██████████████████▏ 1.5 KB                         [K
pulling 832dd9e00a68: 100% ▕██████████████████▏  11 KB                         [K[A[A[A[A[1Gpulling manifest [K
pulling c5396e06af29: 100% ▕█████████████████ ▏ 397 MB/397 MB   39 MB/s      0s[K
pulling 66b9ea09bd5b: 100% ▕██████████████████▏   68 B                         [K
pulling eb4402837c78: 100% ▕██████████████████▏ 1.5 KB                         [K
pulling 832dd9e00a68: 100% ▕██████████████████▏  11 KB                         [K[A[A[A[A[1Gpulling manifest [K
pulling c5396e06af29: 100% ▕█████████████████ ▏ 397 MB/397 MB   39 MB/s      0s[K
pulling 66b9ea09bd5b: 100% ▕██████████████████▏   68 B                         [K
pulling eb4402837c78: 100% ▕██████████████████▏ 1.5 KB                         [K
pulling 832dd9e00a68: 100% ▕██████████████████▏  11 KB                         [K[A[A[A[A[1Gpulling manifest [K
pulling c5396e06af29: 100% ▕█████████████████ ▏ 397 MB/397 MB   39 MB/s      0s[K
pulling 66b9ea09bd5b: 100% ▕██████████████████▏   68 B                         [K
pulling eb4402837c78: 100% ▕██████████████████▏ 1.5 KB                         [K
pulling 832dd9e00a68: 100% ▕██████████████████▏  11 KB                         [K
verifying sha256 digest ⠋ [K[A[A[A[A[A[1Gpulling manifest [K
pulling c5396e06af29: 100% ▕█████████████████ ▏ 397 MB/397 MB   39 MB/s      0s[K
pulling 66b9ea09bd5b: 100% ▕██████████████████▏   68 B                         [K
pulling eb4402837c78: 100% ▕██████████████████▏ 1.5 KB                         [K
pulling 832dd9e00a68: 100% ▕██████████████████▏  11 KB                         [K
verifying sha256 digest ⠙ [K[A[A[A[A[A[1Gpulling manifest [K
pulling c5396e06af29: 100% ▕█████████████████ ▏ 397 MB/397 MB   39 MB/s      0s[K
pulling 66b9ea09bd5b: 100% ▕██████████████████▏   68 B                         [K
pulling eb4402837c78: 100% ▕██████████████████▏ 1.5 KB                         [K
pulling 832dd9e00a68: 100% ▕██████████████████▏  11 KB                         [K
verifying sha256 digest ⠹ [K[A[A[A[A[A[1Gpulling manifest [K
pulling c5396e06af29: 100% ▕█████████████████ ▏ 397 MB/397 MB   39 MB/s      0s[K
pulling 66b9ea09bd5b: 100% ▕██████████████████▏   68 B                         [K
pulling eb4402837c78: 100% ▕██████████████████▏ 1.5 KB                         [K
pulling 832dd9e00a68: 100% ▕██████████████████▏  11 KB                         [K
verifying sha256 digest [K
writing manifest [K
success [K
