weather: ok
marine: ok
air: ok
met: ok
nws: ok
flood: ok
earthquakes: ok
space_weather: ok
gdelt: unavailable
gdacs: unavailable
bbc: ok
hacker_news: ok
bluesky: unavailable
google_news: ok
rsshub: needs_configuration
searxng: needs_configuration
wikimedia_events: ok
wikipedia: ok
jetstream: ok
mediawiki: ok
wikidata_query: ok
crossref: ok
openalex: ok
wikidata: ok
semantic_scholar: unavailable
europe_pmc: ok
arxiv: unavailable
datamuse: ok
stack_exchange: ok
dictionary: unavailable
open_library: ok
nominatim: ok
internet_archive: ok
geocoding: ok
osrm: needs_configuration
dbpedia: ok
ipwho: ok
ipify: ok
worldtime: unavailable
geojs: ok
overpass: ok
timeapi: ok
countries: needs_configuration
sunrise: ok
binance: ok
postcodes: ok
coinbase: ok
kraken: ok
coinbase_stream: ok
binance_stream: ok
dexscreener: ok
coinpaprika: ok
kraken_stream: ok
frankfurter: ok
defillama: ok
geckoterminal: ok
worldbank: ok
ecb: ok
opensky: ok
tfl: ok
gbfs: needs_configuration
opentripplanner: needs_configuration
adsblol: ok
mbta: ok
openligadb: ok
jolpica: ok
power: ok
eonet: ok
epic: ok
open_notify: unavailable
celestrak: ok
whereiss: ok
tvmaze: ok
spaceflight_news: ok
spacex: unavailable
itunes: ok
musicbrainz: ok
food: ok
gbif: ok
listenbrainz: unavailable
inaturalist: ok
cover_art: ok
{"counts": {"needs_configuration": 6, "ok": 66, "unavailable": 10}, "reader": {"status": "resource_deferred"}}
