----------------------------------------------------------------------
Ran 20 tests in 2.198s

OK
{
  "date": "2026-10-07T15:14:19.415163+00:00",
  "passed": false,
  "scope": "All 493 recipe compilation checks, owned ASCII files, headless DOM and owned Win32 fixture. No emails, system shutdowns, user files, installed Office/apps or microphone tasks tested.",
  "error_type": "error",
  "error": "(0, 'SetForegroundWindow', 'No error message is available')",
  "checks": [
    {
      "name": "238 original PowerShell recipes parse",
      "passed": true
    },
    {
      "name": "493 recipe coverage plus parameter/Stop/uncertainty unit tests",
      "tests": 20,
      "passed": true
    },
    {
      "name": "10 actual file operations and independent disk/hash observations",
      "passed": true
    },
    {
      "name": "6 actual local headless DOM commands; field/dropdown/checkbox/text/click readback",
      "passed": true
    }
  ]
}
