Fast file and folder lookup index ready.
Fast file and folder lookup index ready.
Fast file and folder lookup index ready.
Fast file and folder lookup index ready.
Fast file and folder lookup index ready.
Fast file and folder lookup index ready.
Fast file and folder lookup index ready.
Fast file and folder lookup index ready.
Fast file and folder lookup index ready.
Fast file and folder lookup index ready.
Fast file and folder lookup index ready.
Hermes native inference started.
Hermes native inference completed.
Hermes native inference started.
Hermes native inference completed.
Hermes native inference started.
Hermes native inference completed.
D:\Kunals GitHub Repo\Jarvis\InsTAREELS\.venv\lib\site-packages\pywinauto\__init__.py:80: UserWarning: Revert to STA COM threading mode
  warnings.warn("Revert to STA COM threading mode", UserWarning)
Fast file and folder lookup index ready.
----------------------------------------------------------------------
Ran 719 tests in 63.201s

OK
