{
  "date": "2026-10-08T09:09:32.184522+00:00",
  "scope": "Read-only final observation after normal hidden launcher start; healthy microphone/workers, GPU heartbeat and matching recovery snapshots. No fresh spoken-speed claim.",
  "passed": true,
  "audio": {
    "requested": true,
    "phase": "listening",
    "capture_alive": true,
    "decoder_alive": true,
    "last_block_age_seconds": 0.078,
    "final_segments": 0
  },
  "workers": {
    "actions": true,
    "questions": true,
    "speech": true
  },
  "gpu": {
    "status": "idle",
    "active_role": null,
    "active_model": null,
    "pending": 0,
    "warm_model": null
  },
  "source_snapshots_current": {
    "jarvis/gpu_scheduler.py": true,
    "jarvis/runtime_health.py": true,
    "jarvis/codex_proxy.py": true,
    "jarvis/claude_code_proxy.py": true,
    "config.json": true
  }
}
